<?xml version="1.0" encoding="UTF-8"?>
<testsuites>
  <testsuite name="." tests="2" assertions="1" errors="1" failures="0" skipped="0" time="0.001583">
    <testsuite name="Test\Models\PromotionTest" file="/home/jesse/projects/jream.com/tests/Test/Models/PromotionTest.php" tests="1" assertions="0" errors="1" failures="0" skipped="0" time="0.001074">
      <testcase name="testPromotion" class="Test\Models\PromotionTest" classname="Test.Models.PromotionTest" file="/home/jesse/projects/jream.com/tests/Test/Models/PromotionTest.php" line="15" assertions="0" time="0.001074">
        <error type="Error">Test\Models\PromotionTest::testPromotion
Error: Call to undefined function Test\Models\assertTrue()

/home/jesse/projects/jream.com/tests/Test/Models/PromotionTest.php:19
</error>
      </testcase>
    </testsuite>
    <testsuite name="Test\UnitTest" file="/home/jesse/projects/jream.com/tests/Test/UnitTest.php" tests="1" assertions="1" errors="0" failures="0" skipped="0" time="0.000509">
      <testcase name="testTestCase" class="Test\UnitTest" classname="Test.UnitTest" file="/home/jesse/projects/jream.com/tests/Test/UnitTest.php" line="10" assertions="1" time="0.000509"/>
    </testsuite>
  </testsuite>
</testsuites>
